ninja: Entering directory `C:\Users\stephano\Dev\audio\ReaForge-SDK\build'
ninja: no work to do.
1/4 host - reaforge:project_reader    OK              0.16s
2/4 host - reaforge:main_thread_queue OK              0.36s
3/4 host - reaforge:http_server       FAIL            1.44s   exit status 1
>>> MESON_TEST_ITERATION=1 ASAN_OPTIONS=halt_on_error=1:abort_on_error=1:print_summary=1 PATH=C:\Users\stephano\Dev\audio\ReaForge-SDK\build\src/host;C:\Program Files\Microsoft Visual Studio\2022\Community\VC\Tools\MSVC\14.44.35207\bin\HostX86\x86;C:\Program Files\Microsoft Visual Studio\2022\Community\Common7\IDE\VC\VCPackages;C:\Program Files\Microsoft Visual Studio\2022\Community\Common7\IDE\CommonExtensions\Microsoft\TestWindow;C:\Program Files\Microsoft Visual Studio\2022\Community\Common7\IDE\CommonExtensions\Microsoft\TeamFoundation\Team Explorer;C:\Program Files\Microsoft Visual Studio\2022\Community\MSBuild\Current\bin\Roslyn;C:\Program Files (x86)\Microsoft SDKs\Windows\v10.0A\bin\NETFX 4.8 Tools\;C:\Program Files\Microsoft Visual Studio\2022\Community\Common7\IDE\CommonExtensions\Microsoft\FSharp\Tools;C:\Program Files\Microsoft Visual Studio\2022\Community\Team Tools\DiagnosticsHub\Collector;C:\Program Files (x86)\Windows Kits\10\bin\10.0.26100.0\\x86;C:\Program Files (x86)\Windows Kits\10\bin\\x86;C:\Program Files\Microsoft Visual Studio\2022\Community\\MSBuild\Current\Bin\amd64;C:\Windows\Microsoft.NET\Framework\v4.0.30319;C:\Program Files\Microsoft Visual Studio\2022\Community\Common7\IDE\;C:\Program Files\Microsoft Visual Studio\2022\Community\Common7\Tools\;C:\Program Files\Microsoft\jdk-25.0.2.10-hotspot\bin;C:\Users\stephano\AppData\Local\nvm;C:\nvm4w\nodejs;C:\Program Files\Microsoft\jdk-17.0.14.7-hotspot\bin;C:\Program Files\Java\jdk-8\bin;C:\Program Files\Common Files\Oracle\Java\javapath;C:\Program Files (x86)\Common Files\Oracle\Java\java8path;C:\Program Files (x86)\Common Files\Oracle\Java\javapath;C:\Program Files (x86)\Common Files\Intel\Shared Libraries\redist\intel64\compiler;C:\Windows\system32;C:\Windows;C:\Windows\System32\Wbem;C:\Windows\System32\WindowsPowerShell\v1.0\;C:\Windows\System32\OpenSSH\;C:\Program Files\dotnet\;C:\Program Files (x86)\Microsoft SQL Server\160\Tools\Binn\;C:\Program Files\Microsoft SQL Server\160\Tools\Binn\;C:\Program Files\Microsoft SQL Server\Client SDK\ODBC\170\Tools\Binn\;C:\Program Files\Microsoft SQL Server\160\DTS\Binn\;C:\Program Files (x86)\Microsoft SQL Server\160\DTS\Binn\;C:\Program Files\Docker\Docker\resources\bin;C:\MinGW\bin;C:\spark\bin;C:\spark\sbin;C:\hadoop\hadoop-3.4.0-src\bin;C:\Program Files\Git\cmd;C:\Program Files\packer;C:\Program Files\Vagrant\bin;C:\Program Files\GitHub CLI\;C:\ProgramData\chocolatey\bin;%fnm%;C:\Program Files (x86)\Windows Kits\10\Windows Performance Toolkit\;C:\Program Files\CMake\bin;C:\Users\stephano\.cargo\bin;C:\Users\stephano\AppData\Local\Python\pythoncore-3.14-64\Scripts;C:\Users\stephano\AppData\Local\Python\bin;C:\Users\stephano\AppData\Local\fnm_multishells\8208_1781418089417;C:\Program Files\Microsoft\jdk-25.0.2.10-hotspot\bin;C:\Users\stephano\AppData\Local\nvm;C:\nvm4w\nodejs;C:\Program Files\Microsoft\jdk-25.0.2.10-hotspot\\bin;C:\Program Files\Common Files\Oracle\Java\javapath;C:\Program Files (x86)\Common Files\Oracle\Java\java8path;C:\Program Files (x86)\Common Files\Oracle\Java\javapath;C:\Program Files (x86)\Common Files\Intel\Shared Libraries\redist\intel64\compiler;C:\Windows\system32;C:\Windows;C:\Windows\System32\Wbem;C:\Windows\System32\WindowsPowerShell\v1.0\;C:\Windows\System32\OpenSSH\;C:\Program Files\dotnet\;C:\Program Files\Microsoft SQL Server\160\Tools\Binn\;C:\Program Files\Microsoft SQL Server\Client SDK\ODBC\170\Tools\Binn\;C:\Program Files\Microsoft SQL Server\160\DTS\Binn\;C:\Program Files\Docker\Docker\resources\bin;C:\MinGW\bin;C:\hadoop\hadoop-3.4.0-src\bin;C:\Program Files\Git\cmd;C:\Program Files\packer;C:\Program Files\GitHub CLI\;C:\ProgramData\chocolatey\bin;%fnm%;C:\Program Files (x86)\Windows Kits\10\Windows Performance Toolkit\;C:\Program Files\CMake\bin;C:\Users\stephano\.cargo\bin;C:\Users\stephano\AppData\Local\pnpm;C:\Ruby33-x64\bin;C:\Users\stephano\AppData\Local\Microsoft\WindowsApps;C:\Users\stephano\AppData\Local\Programs\Microsoft VS Code\bin;C:\msys64\ucrt64\bin;C:\sqlite3;C:\Users\stephano\AppData\Local\Coursier\data\bin;C:\Program Files\Java\jdk-8\bin;C:\Users\stephano\AppData\Local\Microsoft\WinGet\Packages\Schniz.fnm_Microsoft.Winget.Source_8wekyb3d8bbwe;C:\Users\stephano\AppData\Local\Programs\mongosh\;C:\Users\stephano\AppData\Local\Android\Sdk\platform-tools;C:\stripe\;C:\Users\stephano\.bun\bin;C:\Users\stephano\.dotnet\tools;C:\Users\stephano\AppData\Local\Programs\Antigravity\bin;;C:\Program Files\Microsoft Visual Studio\2022\Community\Common7\IDE\CommonExtensions\Microsoft\CMake\CMake\bin;C:\Program Files\Microsoft Visual Studio\2022\Community\Common7\IDE\CommonExtensions\Microsoft\CMake\Ninja;C:\Program Files\Microsoft Visual Studio\2022\Community\Common7\IDE\VC\Linux\bin\ConnectionManagerExe;C:\Program Files\Microsoft Visual Studio\2022\Community\VC\vcpkg MSAN_OPTIONS=halt_on_error=1:abort_on_error=1:print_summary=1:print_stacktrace=1 MALLOC_PERTURB_=216 UBSAN_OPTIONS=halt_on_error=1:abort_on_error=1:print_summary=1:print_stacktrace=1 C:\Users\stephano\Dev\audio\ReaForge-SDK\build\src/host\test_http_server.exe

4/4 host - reaforge:artifact_writer   FAIL            1.67s   exit status 3
>>> MESON_TEST_ITERATION=1 ASAN_OPTIONS=halt_on_error=1:abort_on_error=1:print_summary=1 MALLOC_PERTURB_=25 PATH=C:\Users\stephano\Dev\audio\ReaForge-SDK\build\src/host;C:\Program Files\Microsoft Visual Studio\2022\Community\VC\Tools\MSVC\14.44.35207\bin\HostX86\x86;C:\Program Files\Microsoft Visual Studio\2022\Community\Common7\IDE\VC\VCPackages;C:\Program Files\Microsoft Visual Studio\2022\Community\Common7\IDE\CommonExtensions\Microsoft\TestWindow;C:\Program Files\Microsoft Visual Studio\2022\Community\Common7\IDE\CommonExtensions\Microsoft\TeamFoundation\Team Explorer;C:\Program Files\Microsoft Visual Studio\2022\Community\MSBuild\Current\bin\Roslyn;C:\Program Files (x86)\Microsoft SDKs\Windows\v10.0A\bin\NETFX 4.8 Tools\;C:\Program Files\Microsoft Visual Studio\2022\Community\Common7\IDE\CommonExtensions\Microsoft\FSharp\Tools;C:\Program Files\Microsoft Visual Studio\2022\Community\Team Tools\DiagnosticsHub\Collector;C:\Program Files (x86)\Windows Kits\10\bin\10.0.26100.0\\x86;C:\Program Files (x86)\Windows Kits\10\bin\\x86;C:\Program Files\Microsoft Visual Studio\2022\Community\\MSBuild\Current\Bin\amd64;C:\Windows\Microsoft.NET\Framework\v4.0.30319;C:\Program Files\Microsoft Visual Studio\2022\Community\Common7\IDE\;C:\Program Files\Microsoft Visual Studio\2022\Community\Common7\Tools\;C:\Program Files\Microsoft\jdk-25.0.2.10-hotspot\bin;C:\Users\stephano\AppData\Local\nvm;C:\nvm4w\nodejs;C:\Program Files\Microsoft\jdk-17.0.14.7-hotspot\bin;C:\Program Files\Java\jdk-8\bin;C:\Program Files\Common Files\Oracle\Java\javapath;C:\Program Files (x86)\Common Files\Oracle\Java\java8path;C:\Program Files (x86)\Common Files\Oracle\Java\javapath;C:\Program Files (x86)\Common Files\Intel\Shared Libraries\redist\intel64\compiler;C:\Windows\system32;C:\Windows;C:\Windows\System32\Wbem;C:\Windows\System32\WindowsPowerShell\v1.0\;C:\Windows\System32\OpenSSH\;C:\Program Files\dotnet\;C:\Program Files (x86)\Microsoft SQL Server\160\Tools\Binn\;C:\Program Files\Microsoft SQL Server\160\Tools\Binn\;C:\Program Files\Microsoft SQL Server\Client SDK\ODBC\170\Tools\Binn\;C:\Program Files\Microsoft SQL Server\160\DTS\Binn\;C:\Program Files (x86)\Microsoft SQL Server\160\DTS\Binn\;C:\Program Files\Docker\Docker\resources\bin;C:\MinGW\bin;C:\spark\bin;C:\spark\sbin;C:\hadoop\hadoop-3.4.0-src\bin;C:\Program Files\Git\cmd;C:\Program Files\packer;C:\Program Files\Vagrant\bin;C:\Program Files\GitHub CLI\;C:\ProgramData\chocolatey\bin;%fnm%;C:\Program Files (x86)\Windows Kits\10\Windows Performance Toolkit\;C:\Program Files\CMake\bin;C:\Users\stephano\.cargo\bin;C:\Users\stephano\AppData\Local\Python\pythoncore-3.14-64\Scripts;C:\Users\stephano\AppData\Local\Python\bin;C:\Users\stephano\AppData\Local\fnm_multishells\8208_1781418089417;C:\Program Files\Microsoft\jdk-25.0.2.10-hotspot\bin;C:\Users\stephano\AppData\Local\nvm;C:\nvm4w\nodejs;C:\Program Files\Microsoft\jdk-25.0.2.10-hotspot\\bin;C:\Program Files\Common Files\Oracle\Java\javapath;C:\Program Files (x86)\Common Files\Oracle\Java\java8path;C:\Program Files (x86)\Common Files\Oracle\Java\javapath;C:\Program Files (x86)\Common Files\Intel\Shared Libraries\redist\intel64\compiler;C:\Windows\system32;C:\Windows;C:\Windows\System32\Wbem;C:\Windows\System32\WindowsPowerShell\v1.0\;C:\Windows\System32\OpenSSH\;C:\Program Files\dotnet\;C:\Program Files\Microsoft SQL Server\160\Tools\Binn\;C:\Program Files\Microsoft SQL Server\Client SDK\ODBC\170\Tools\Binn\;C:\Program Files\Microsoft SQL Server\160\DTS\Binn\;C:\Program Files\Docker\Docker\resources\bin;C:\MinGW\bin;C:\hadoop\hadoop-3.4.0-src\bin;C:\Program Files\Git\cmd;C:\Program Files\packer;C:\Program Files\GitHub CLI\;C:\ProgramData\chocolatey\bin;%fnm%;C:\Program Files (x86)\Windows Kits\10\Windows Performance Toolkit\;C:\Program Files\CMake\bin;C:\Users\stephano\.cargo\bin;C:\Users\stephano\AppData\Local\pnpm;C:\Ruby33-x64\bin;C:\Users\stephano\AppData\Local\Microsoft\WindowsApps;C:\Users\stephano\AppData\Local\Programs\Microsoft VS Code\bin;C:\msys64\ucrt64\bin;C:\sqlite3;C:\Users\stephano\AppData\Local\Coursier\data\bin;C:\Program Files\Java\jdk-8\bin;C:\Users\stephano\AppData\Local\Microsoft\WinGet\Packages\Schniz.fnm_Microsoft.Winget.Source_8wekyb3d8bbwe;C:\Users\stephano\AppData\Local\Programs\mongosh\;C:\Users\stephano\AppData\Local\Android\Sdk\platform-tools;C:\stripe\;C:\Users\stephano\.bun\bin;C:\Users\stephano\.dotnet\tools;C:\Users\stephano\AppData\Local\Programs\Antigravity\bin;;C:\Program Files\Microsoft Visual Studio\2022\Community\Common7\IDE\CommonExtensions\Microsoft\CMake\CMake\bin;C:\Program Files\Microsoft Visual Studio\2022\Community\Common7\IDE\CommonExtensions\Microsoft\CMake\Ninja;C:\Program Files\Microsoft Visual Studio\2022\Community\Common7\IDE\VC\Linux\bin\ConnectionManagerExe;C:\Program Files\Microsoft Visual Studio\2022\Community\VC\vcpkg MSAN_OPTIONS=halt_on_error=1:abort_on_error=1:print_summary=1:print_stacktrace=1 UBSAN_OPTIONS=halt_on_error=1:abort_on_error=1:print_summary=1:print_stacktrace=1 C:\Users\stephano\Dev\audio\ReaForge-SDK\build\src/host\test_artifact_writer.exe


Ok:                2   
Fail:              2   

Full log written to C:\Users\stephano\Dev\audio\ReaForge-SDK\build\meson-logs\testlog.txt
